 GRMON2 LEON debug monitor v2.0.33 evaluation version
 
  Copyright (C) 2012 Aeroflex Gaisler - All rights reserved.
  For latest updates, go to http://www.gaisler.com/
  Comments or bug-reports to support@gaisler.com
 
  This evaluation version will expire on 12/8/2013
 
Xilusb: Cable type/rev : 0x3
JTAG chain (2): xc4vfx60 xccace
  Warning: Failed to call Tcl_Init. Some TCL functions won't be working properly
 
           To avoid this warning, set environment variable GRMON_SHARE to grmon'
s
           share folder or TCL_LIBRARY to a proper tcl/library directory
  Warning: Failed to call Tcl_Init. Some TCL functions won't be working properly
 
           To avoid this warning, set environment variable GRMON_SHARE to grmon'
s
           share folder or TCL_LIBRARY to a proper tcl/library directory
  Device ID:           0x410
  GRLIB build version: 4104
  Detected frequency:  80 MHz
 
  Component                            Vendor
  LEON3 SPARC V8 Processor             Aeroflex Gaisler
  AHB Debug UART                       Aeroflex Gaisler
  JTAG Debug Link                      Aeroflex Gaisler
  GR Ethernet MAC                      Aeroflex Gaisler
  Single-port DDR266 controller        Aeroflex Gaisler
  AHB/APB Bridge                       Aeroflex Gaisler
  LEON3 Debug Support Unit             Aeroflex Gaisler
  LEON2 Memory Controller              European Space Agency
  System ACE I/F Controller            Aeroflex Gaisler
  Generic UART                         Aeroflex Gaisler
  Multi-processor Interrupt Ctrl.      Aeroflex Gaisler
  Modular Timer Unit                   Aeroflex Gaisler
  General Purpose I/O port             Aeroflex Gaisler
 AHB Status Register                  Aeroflex Gaisler
 
  Use command 'info sys' to print a detailed report of attached cores
 
grmon2> load linux-2.6.dsu
  40000000 .stage2                   10.0kB /  10.0kB   [===============>] 100%
  40004000 .vmlinux                   1.3MB /   1.3MB   [===============>] 100%
  Total size: 1.26MB (1.53Mbit/s)
  Entry point 0x40000000
  Image D:/Processor_Design/fpga_server/Commands/fpgarun/linux-2.6.dsu loaded
 
grmon2> run
Booting Linux
Booting Linux...
PROMLIB: Sun Boot Prom Version 0 Revision 0
Linux version 2.6.21.1 (xuhuai@xuhuai-VirtualBox) (gcc version 3.4.4) #2 Mon Feb
4 16:01:04 CET 2013
ARCH: LEON
TYPE: Leon2/3 System-on-a-Chip
Ethernet address: 0:0:0:0:0:0
CACHE: 2-way associative cache, set size 4k
Boot time fixup v1.6. 4/Mar/98 Jakub Jelinek (jj@ultra.linux.cz). Patching kerne
l for srmmu[Leon2]/iommu
Nocache: 0xfc000000-0xfc100000, 256 pages [128-1280]
node 2: /cpu00 (type:cpu) (props:.node device_type mid mmu-nctx clock-frequency
uart1_baud uart2_baud )
node 3: /a: (type:serial) (props:.node device_type name )
node 4: /ambapp0 (type:ambapp) (props:.node device_type name )
PROM: Built device tree from rootnode 1 with 1478 bytes of memory.
DEBUG: psr.impl = 0xf  fsr.vers = 0x7
Built 1 zonelists.  Total pages: 15905
Kernel command line: console=ttyS0,38400 root=254:2 rw rdinit=/sbin/init
PID hash table entries: 256 (order: 8, 1024 bytes)
Todo: init master_l10_counter
Attaching grlib apbuart serial drivers (clk:80hz):
Console: colour dummy device 80x25
Dentry cache hash table entries: 8192 (order: 3, 32768 bytes)
Inode-cache hash table entries: 4096 (order: 2, 16384 bytes)
pkbase: 0xfc800000 pkend: 0xfcc00000 fixstart 0xfcff1000
Memory: 62464k/65536k available (1056k kernel code, 3004k reserved, 128k data, 9
2k init, 0k highmem)
Mount-cache hash table entries: 512
leon: power management initialized
io scheduler noop registered
io scheduler cfq registered (default)
grlib apbuart: 1 serial driver(s) at [0x80000100(irq 2)]
grlib apbuart: system frequency: 80000 khz, baud rates: 38400 38400
ttyS0 at MMIO 0x80000100 (irq = 2) is a Leon
RAMDISK driver initialized: 16 RAM disks of 4096K size 1024 blocksize
loop: loaded (max 8 devices)
xsysace xsysace.0: Xilinx SystemACE revision 1.0.12
xsysace xsysace.0: capacity: 1019088 sectors
xsa: xsa1 xsa2
Xilinx SystemACE device driver, major=254
kjournald starting.  Commit interval 5 seconds
EXT3-fs warning: maximal mount count reached, running e2fsck is recommended
EXT3 FS on xsa2, internal journal
EXT3-fs: recovery complete.
EXT3-fs: mounted filesystem with ordered data mode.
VFS: Mounted root (ext3 filesystem).
Freeing unused kernel memory: 92k freed
 
  Interrupted!
  0xf001210c: 08bfffc8  bleu  0xF001202C